1.to test the post method
 curl -X POST http://localhost:8080/v1/users -H "Content-Type: application/json" -d '{"name": "Cook", "age": 50}' -v

